  state 0 OK -> Start a new game
->debug_test(easy)
  state 1 OK -> Fire Away!
     1  2  3  4
  A  _  _  _  _
  B  _  _  _  v
  C  _  _  h  v
  D  _  _  _  _
  Current Game (debug): 1
  Shots: 0/8
  Bombs: 0/2
  Score: 0/3 (Total: 0/3)
  Ships: 0/2
    2x1: [B, 4]->v;[C, 4]->v
    1x1: [C, 3]->h
->fire([A, 4])
  state 2 OK -> Miss! Keep Firing!
     1  2  3  4
  A  _  _  _  O
  B  _  _  _  v
  C  _  _  h  v
  D  _  _  _  _
  Current Game (debug): 1
  Shots: 1/8
  Bombs: 0/2
  Score: 0/3 (Total: 0/3)
  Ships: 0/2
    2x1: [B, 4]->v;[C, 4]->v
    1x1: [C, 3]->h
->fire([C, 2])
  state 3 OK -> Miss! Keep Firing!
     1  2  3  4
  A  _  _  _  O
  B  _  _  _  v
  C  _  O  h  v
  D  _  _  _  _
  Current Game (debug): 1
  Shots: 2/8
  Bombs: 0/2
  Score: 0/3 (Total: 0/3)
  Ships: 0/2
    2x1: [B, 4]->v;[C, 4]->v
    1x1: [C, 3]->h
->bomb([D, 1],[D, 2])
  state 4 OK -> Miss! Keep Firing!
     1  2  3  4
  A  _  _  _  O
  B  _  _  _  v
  C  _  O  h  v
  D  O  O  _  _
  Current Game (debug): 1
  Shots: 2/8
  Bombs: 1/2
  Score: 0/3 (Total: 0/3)
  Ships: 0/2
    2x1: [B, 4]->v;[C, 4]->v
    1x1: [C, 3]->h
->bomb([D, 3],[C, 3])
  state 5 OK -> 1x1 ship sunk! Keep Firing!
     1  2  3  4
  A  _  _  _  O
  B  _  _  _  v
  C  _  O  X  v
  D  O  O  O  _
  Current Game (debug): 1
  Shots: 2/8
  Bombs: 2/2
  Score: 1/3 (Total: 1/3)
  Ships: 1/2
    2x1: [B, 4]->v;[C, 4]->v
    1x1: [C, 3]->X
->debug_test(easy)
  state 6 Game already started -> Keep Firing!
     1  2  3  4
  A  _  _  _  O
  B  _  _  _  v
  C  _  O  X  v
  D  O  O  O  _
  Current Game (debug): 1
  Shots: 2/8
  Bombs: 2/2
  Score: 1/3 (Total: 1/3)
  Ships: 1/2
    2x1: [B, 4]->v;[C, 4]->v
    1x1: [C, 3]->X
->bomb([A, 1],[A, 2])
  state 7 No bombs remaining -> Keep Firing!
     1  2  3  4
  A  _  _  _  O
  B  _  _  _  v
  C  _  O  X  v
  D  O  O  O  _
  Current Game (debug): 1
  Shots: 2/8
  Bombs: 2/2
  Score: 1/3 (Total: 1/3)
  Ships: 1/2
    2x1: [B, 4]->v;[C, 4]->v
    1x1: [C, 3]->X
->bomb([B, 1],[B, 2])
  state 8 No bombs remaining -> Keep Firing!
     1  2  3  4
  A  _  _  _  O
  B  _  _  _  v
  C  _  O  X  v
  D  O  O  O  _
  Current Game (debug): 1
  Shots: 2/8
  Bombs: 2/2
  Score: 1/3 (Total: 1/3)
  Ships: 1/2
    2x1: [B, 4]->v;[C, 4]->v
    1x1: [C, 3]->X
->fire([C, 1])
  state 9 OK -> Miss! Keep Firing!
     1  2  3  4
  A  _  _  _  O
  B  _  _  _  v
  C  O  O  X  v
  D  O  O  O  _
  Current Game (debug): 1
  Shots: 3/8
  Bombs: 2/2
  Score: 1/3 (Total: 1/3)
  Ships: 1/2
    2x1: [B, 4]->v;[C, 4]->v
    1x1: [C, 3]->X
->fire([C, 2])
  state 10 Already fired there -> Keep Firing!
     1  2  3  4
  A  _  _  _  O
  B  _  _  _  v
  C  O  O  X  v
  D  O  O  O  _
  Current Game (debug): 1
  Shots: 3/8
  Bombs: 2/2
  Score: 1/3 (Total: 1/3)
  Ships: 1/2
    2x1: [B, 4]->v;[C, 4]->v
    1x1: [C, 3]->X
->fire([D, 1])
  state 11 Already fired there -> Keep Firing!
     1  2  3  4
  A  _  _  _  O
  B  _  _  _  v
  C  O  O  X  v
  D  O  O  O  _
  Current Game (debug): 1
  Shots: 3/8
  Bombs: 2/2
  Score: 1/3 (Total: 1/3)
  Ships: 1/2
    2x1: [B, 4]->v;[C, 4]->v
    1x1: [C, 3]->X
->fire([D, 2])
  state 12 Already fired there -> Keep Firing!
     1  2  3  4
  A  _  _  _  O
  B  _  _  _  v
  C  O  O  X  v
  D  O  O  O  _
  Current Game (debug): 1
  Shots: 3/8
  Bombs: 2/2
  Score: 1/3 (Total: 1/3)
  Ships: 1/2
    2x1: [B, 4]->v;[C, 4]->v
    1x1: [C, 3]->X
->fire([A, 3])
  state 13 OK -> Miss! Keep Firing!
     1  2  3  4
  A  _  _  O  O
  B  _  _  _  v
  C  O  O  X  v
  D  O  O  O  _
  Current Game (debug): 1
  Shots: 4/8
  Bombs: 2/2
  Score: 1/3 (Total: 1/3)
  Ships: 1/2
    2x1: [B, 4]->v;[C, 4]->v
    1x1: [C, 3]->X
->fire([A, 4])
  state 14 Already fired there -> Keep Firing!
     1  2  3  4
  A  _  _  O  O
  B  _  _  _  v
  C  O  O  X  v
  D  O  O  O  _
  Current Game (debug): 1
  Shots: 4/8
  Bombs: 2/2
  Score: 1/3 (Total: 1/3)
  Ships: 1/2
    2x1: [B, 4]->v;[C, 4]->v
    1x1: [C, 3]->X
->fire([B, 4])
  state 15 OK -> Hit! Keep Firing!
     1  2  3  4
  A  _  _  O  O
  B  _  _  _  X
  C  O  O  X  v
  D  O  O  O  _
  Current Game (debug): 1
  Shots: 5/8
  Bombs: 2/2
  Score: 1/3 (Total: 1/3)
  Ships: 1/2
    2x1: [B, 4]->X;[C, 4]->v
    1x1: [C, 3]->X
->fire([B, 3])
  state 16 OK -> Miss! Keep Firing!
     1  2  3  4
  A  _  _  O  O
  B  _  _  O  X
  C  O  O  X  v
  D  O  O  O  _
  Current Game (debug): 1
  Shots: 6/8
  Bombs: 2/2
  Score: 1/3 (Total: 1/3)
  Ships: 1/2
    2x1: [B, 4]->X;[C, 4]->v
    1x1: [C, 3]->X
->new_game(hard)
  state 17 Game already started -> Keep Firing!
     1  2  3  4
  A  _  _  O  O
  B  _  _  O  X
  C  O  O  X  v
  D  O  O  O  _
  Current Game (debug): 1
  Shots: 6/8
  Bombs: 2/2
  Score: 1/3 (Total: 1/3)
  Ships: 1/2
    2x1: [B, 4]->X;[C, 4]->v
    1x1: [C, 3]->X
