  state 0 OK -> Start a new game
->debug_test(hard)
  state 1 OK -> Fire Away!
     1  2  3  4  5  6  7  8
  A  _  _  _  _  _  _  _  _
  B  _  _  _  _  _  _  _  v
  C  _  v  _  _  _  _  _  _
  D  _  v  _  _  _  _  _  v
  E  _  _  _  _  _  _  _  v
  F  _  _  _  _  _  v  _  v
  G  _  h  h  h  h  v  _  v
  H  _  _  _  _  _  v  _  v
  Current Game (debug): 1
  Shots: 0/24
  Bombs: 0/5
  Score: 0/15 (Total: 0/15)
  Ships: 0/5
    5x1: [D, 8]->v;[E, 8]->v;[F, 8]->v;[G, 8]->v;[H, 8]->v
    4x1: [G, 2]->h;[G, 3]->h;[G, 4]->h;[G, 5]->h
    3x1: [F, 6]->v;[G, 6]->v;[H, 6]->v
    2x1: [C, 2]->v;[D, 2]->v
    1x1: [B, 8]->v
->fire([B, 2])
  state 2 OK -> Miss! Keep Firing!
     1  2  3  4  5  6  7  8
  A  _  _  _  _  _  _  _  _
  B  _  O  _  _  _  _  _  v
  C  _  v  _  _  _  _  _  _
  D  _  v  _  _  _  _  _  v
  E  _  _  _  _  _  _  _  v
  F  _  _  _  _  _  v  _  v
  G  _  h  h  h  h  v  _  v
  H  _  _  _  _  _  v  _  v
  Current Game (debug): 1
  Shots: 1/24
  Bombs: 0/5
  Score: 0/15 (Total: 0/15)
  Ships: 0/5
    5x1: [D, 8]->v;[E, 8]->v;[F, 8]->v;[G, 8]->v;[H, 8]->v
    4x1: [G, 2]->h;[G, 3]->h;[G, 4]->h;[G, 5]->h
    3x1: [F, 6]->v;[G, 6]->v;[H, 6]->v
    2x1: [C, 2]->v;[D, 2]->v
    1x1: [B, 8]->v
->fire([C, 2])
  state 3 OK -> Hit! Keep Firing!
     1  2  3  4  5  6  7  8
  A  _  _  _  _  _  _  _  _
  B  _  O  _  _  _  _  _  v
  C  _  X  _  _  _  _  _  _
  D  _  v  _  _  _  _  _  v
  E  _  _  _  _  _  _  _  v
  F  _  _  _  _  _  v  _  v
  G  _  h  h  h  h  v  _  v
  H  _  _  _  _  _  v  _  v
  Current Game (debug): 1
  Shots: 2/24
  Bombs: 0/5
  Score: 0/15 (Total: 0/15)
  Ships: 0/5
    5x1: [D, 8]->v;[E, 8]->v;[F, 8]->v;[G, 8]->v;[H, 8]->v
    4x1: [G, 2]->h;[G, 3]->h;[G, 4]->h;[G, 5]->h
    3x1: [F, 6]->v;[G, 6]->v;[H, 6]->v
    2x1: [C, 2]->X;[D, 2]->v
    1x1: [B, 8]->v
->bomb([C, 1],[C, 2])
  state 4 Already fired there -> Keep Firing!
     1  2  3  4  5  6  7  8
  A  _  _  _  _  _  _  _  _
  B  _  O  _  _  _  _  _  v
  C  _  X  _  _  _  _  _  _
  D  _  v  _  _  _  _  _  v
  E  _  _  _  _  _  _  _  v
  F  _  _  _  _  _  v  _  v
  G  _  h  h  h  h  v  _  v
  H  _  _  _  _  _  v  _  v
  Current Game (debug): 1
  Shots: 2/24
  Bombs: 0/5
  Score: 0/15 (Total: 0/15)
  Ships: 0/5
    5x1: [D, 8]->v;[E, 8]->v;[F, 8]->v;[G, 8]->v;[H, 8]->v
    4x1: [G, 2]->h;[G, 3]->h;[G, 4]->h;[G, 5]->h
    3x1: [F, 6]->v;[G, 6]->v;[H, 6]->v
    2x1: [C, 2]->X;[D, 2]->v
    1x1: [B, 8]->v
->bomb([B, 1],[C, 1])
  state 5 OK -> Miss! Keep Firing!
     1  2  3  4  5  6  7  8
  A  _  _  _  _  _  _  _  _
  B  O  O  _  _  _  _  _  v
  C  O  X  _  _  _  _  _  _
  D  _  v  _  _  _  _  _  v
  E  _  _  _  _  _  _  _  v
  F  _  _  _  _  _  v  _  v
  G  _  h  h  h  h  v  _  v
  H  _  _  _  _  _  v  _  v
  Current Game (debug): 1
  Shots: 2/24
  Bombs: 1/5
  Score: 0/15 (Total: 0/15)
  Ships: 0/5
    5x1: [D, 8]->v;[E, 8]->v;[F, 8]->v;[G, 8]->v;[H, 8]->v
    4x1: [G, 2]->h;[G, 3]->h;[G, 4]->h;[G, 5]->h
    3x1: [F, 6]->v;[G, 6]->v;[H, 6]->v
    2x1: [C, 2]->X;[D, 2]->v
    1x1: [B, 8]->v
->bomb([F, 2],[E, 2])
  state 6 OK -> Miss! Keep Firing!
     1  2  3  4  5  6  7  8
  A  _  _  _  _  _  _  _  _
  B  O  O  _  _  _  _  _  v
  C  O  X  _  _  _  _  _  _
  D  _  v  _  _  _  _  _  v
  E  _  O  _  _  _  _  _  v
  F  _  O  _  _  _  v  _  v
  G  _  h  h  h  h  v  _  v
  H  _  _  _  _  _  v  _  v
  Current Game (debug): 1
  Shots: 2/24
  Bombs: 2/5
  Score: 0/15 (Total: 0/15)
  Ships: 0/5
    5x1: [D, 8]->v;[E, 8]->v;[F, 8]->v;[G, 8]->v;[H, 8]->v
    4x1: [G, 2]->h;[G, 3]->h;[G, 4]->h;[G, 5]->h
    3x1: [F, 6]->v;[G, 6]->v;[H, 6]->v
    2x1: [C, 2]->X;[D, 2]->v
    1x1: [B, 8]->v
->bomb([G, 2],[G, 4])
  state 7 Bomb coordinates must be adjacent -> Keep Firing!
     1  2  3  4  5  6  7  8
  A  _  _  _  _  _  _  _  _
  B  O  O  _  _  _  _  _  v
  C  O  X  _  _  _  _  _  _
  D  _  v  _  _  _  _  _  v
  E  _  O  _  _  _  _  _  v
  F  _  O  _  _  _  v  _  v
  G  _  h  h  h  h  v  _  v
  H  _  _  _  _  _  v  _  v
  Current Game (debug): 1
  Shots: 2/24
  Bombs: 2/5
  Score: 0/15 (Total: 0/15)
  Ships: 0/5
    5x1: [D, 8]->v;[E, 8]->v;[F, 8]->v;[G, 8]->v;[H, 8]->v
    4x1: [G, 2]->h;[G, 3]->h;[G, 4]->h;[G, 5]->h
    3x1: [F, 6]->v;[G, 6]->v;[H, 6]->v
    2x1: [C, 2]->X;[D, 2]->v
    1x1: [B, 8]->v
->bomb([G, 2],[I, 2])
  state 8 Bomb coordinates must be adjacent -> Keep Firing!
     1  2  3  4  5  6  7  8
  A  _  _  _  _  _  _  _  _
  B  O  O  _  _  _  _  _  v
  C  O  X  _  _  _  _  _  _
  D  _  v  _  _  _  _  _  v
  E  _  O  _  _  _  _  _  v
  F  _  O  _  _  _  v  _  v
  G  _  h  h  h  h  v  _  v
  H  _  _  _  _  _  v  _  v
  Current Game (debug): 1
  Shots: 2/24
  Bombs: 2/5
  Score: 0/15 (Total: 0/15)
  Ships: 0/5
    5x1: [D, 8]->v;[E, 8]->v;[F, 8]->v;[G, 8]->v;[H, 8]->v
    4x1: [G, 2]->h;[G, 3]->h;[G, 4]->h;[G, 5]->h
    3x1: [F, 6]->v;[G, 6]->v;[H, 6]->v
    2x1: [C, 2]->X;[D, 2]->v
    1x1: [B, 8]->v
->fire([I, 2])
  state 9 Invalid coordinate -> Keep Firing!
     1  2  3  4  5  6  7  8
  A  _  _  _  _  _  _  _  _
  B  O  O  _  _  _  _  _  v
  C  O  X  _  _  _  _  _  _
  D  _  v  _  _  _  _  _  v
  E  _  O  _  _  _  _  _  v
  F  _  O  _  _  _  v  _  v
  G  _  h  h  h  h  v  _  v
  H  _  _  _  _  _  v  _  v
  Current Game (debug): 1
  Shots: 2/24
  Bombs: 2/5
  Score: 0/15 (Total: 0/15)
  Ships: 0/5
    5x1: [D, 8]->v;[E, 8]->v;[F, 8]->v;[G, 8]->v;[H, 8]->v
    4x1: [G, 2]->h;[G, 3]->h;[G, 4]->h;[G, 5]->h
    3x1: [F, 6]->v;[G, 6]->v;[H, 6]->v
    2x1: [C, 2]->X;[D, 2]->v
    1x1: [B, 8]->v
->fire([G, 2])
  state 10 OK -> Hit! Keep Firing!
     1  2  3  4  5  6  7  8
  A  _  _  _  _  _  _  _  _
  B  O  O  _  _  _  _  _  v
  C  O  X  _  _  _  _  _  _
  D  _  v  _  _  _  _  _  v
  E  _  O  _  _  _  _  _  v
  F  _  O  _  _  _  v  _  v
  G  _  X  h  h  h  v  _  v
  H  _  _  _  _  _  v  _  v
  Current Game (debug): 1
  Shots: 3/24
  Bombs: 2/5
  Score: 0/15 (Total: 0/15)
  Ships: 0/5
    5x1: [D, 8]->v;[E, 8]->v;[F, 8]->v;[G, 8]->v;[H, 8]->v
    4x1: [G, 2]->X;[G, 3]->h;[G, 4]->h;[G, 5]->h
    3x1: [F, 6]->v;[G, 6]->v;[H, 6]->v
    2x1: [C, 2]->X;[D, 2]->v
    1x1: [B, 8]->v
->debug_test(easy)
  state 11 Game already started -> Keep Firing!
     1  2  3  4  5  6  7  8
  A  _  _  _  _  _  _  _  _
  B  O  O  _  _  _  _  _  v
  C  O  X  _  _  _  _  _  _
  D  _  v  _  _  _  _  _  v
  E  _  O  _  _  _  _  _  v
  F  _  O  _  _  _  v  _  v
  G  _  X  h  h  h  v  _  v
  H  _  _  _  _  _  v  _  v
  Current Game (debug): 1
  Shots: 3/24
  Bombs: 2/5
  Score: 0/15 (Total: 0/15)
  Ships: 0/5
    5x1: [D, 8]->v;[E, 8]->v;[F, 8]->v;[G, 8]->v;[H, 8]->v
    4x1: [G, 2]->X;[G, 3]->h;[G, 4]->h;[G, 5]->h
    3x1: [F, 6]->v;[G, 6]->v;[H, 6]->v
    2x1: [C, 2]->X;[D, 2]->v
    1x1: [B, 8]->v
->bomb([D, 1],[D, 2])
  state 12 OK -> 2x1 ship sunk! Keep Firing!
     1  2  3  4  5  6  7  8
  A  _  _  _  _  _  _  _  _
  B  O  O  _  _  _  _  _  v
  C  O  X  _  _  _  _  _  _
  D  O  X  _  _  _  _  _  v
  E  _  O  _  _  _  _  _  v
  F  _  O  _  _  _  v  _  v
  G  _  X  h  h  h  v  _  v
  H  _  _  _  _  _  v  _  v
  Current Game (debug): 1
  Shots: 3/24
  Bombs: 3/5
  Score: 2/15 (Total: 2/15)
  Ships: 1/5
    5x1: [D, 8]->v;[E, 8]->v;[F, 8]->v;[G, 8]->v;[H, 8]->v
    4x1: [G, 2]->X;[G, 3]->h;[G, 4]->h;[G, 5]->h
    3x1: [F, 6]->v;[G, 6]->v;[H, 6]->v
    2x1: [C, 2]->X;[D, 2]->X
    1x1: [B, 8]->v
->bomb([E, 6],[F, 6])
  state 13 OK -> Hit! Keep Firing!
     1  2  3  4  5  6  7  8
  A  _  _  _  _  _  _  _  _
  B  O  O  _  _  _  _  _  v
  C  O  X  _  _  _  _  _  _
  D  O  X  _  _  _  _  _  v
  E  _  O  _  _  _  O  _  v
  F  _  O  _  _  _  X  _  v
  G  _  X  h  h  h  v  _  v
  H  _  _  _  _  _  v  _  v
  Current Game (debug): 1
  Shots: 3/24
  Bombs: 4/5
  Score: 2/15 (Total: 2/15)
  Ships: 1/5
    5x1: [D, 8]->v;[E, 8]->v;[F, 8]->v;[G, 8]->v;[H, 8]->v
    4x1: [G, 2]->X;[G, 3]->h;[G, 4]->h;[G, 5]->h
    3x1: [F, 6]->X;[G, 6]->v;[H, 6]->v
    2x1: [C, 2]->X;[D, 2]->X
    1x1: [B, 8]->v
->fire([H, 3])
  state 14 OK -> Miss! Keep Firing!
     1  2  3  4  5  6  7  8
  A  _  _  _  _  _  _  _  _
  B  O  O  _  _  _  _  _  v
  C  O  X  _  _  _  _  _  _
  D  O  X  _  _  _  _  _  v
  E  _  O  _  _  _  O  _  v
  F  _  O  _  _  _  X  _  v
  G  _  X  h  h  h  v  _  v
  H  _  _  O  _  _  v  _  v
  Current Game (debug): 1
  Shots: 4/24
  Bombs: 4/5
  Score: 2/15 (Total: 2/15)
  Ships: 1/5
    5x1: [D, 8]->v;[E, 8]->v;[F, 8]->v;[G, 8]->v;[H, 8]->v
    4x1: [G, 2]->X;[G, 3]->h;[G, 4]->h;[G, 5]->h
    3x1: [F, 6]->X;[G, 6]->v;[H, 6]->v
    2x1: [C, 2]->X;[D, 2]->X
    1x1: [B, 8]->v
->bomb([H, 5],[H, 4])
  state 15 OK -> Miss! Keep Firing!
     1  2  3  4  5  6  7  8
  A  _  _  _  _  _  _  _  _
  B  O  O  _  _  _  _  _  v
  C  O  X  _  _  _  _  _  _
  D  O  X  _  _  _  _  _  v
  E  _  O  _  _  _  O  _  v
  F  _  O  _  _  _  X  _  v
  G  _  X  h  h  h  v  _  v
  H  _  _  O  O  O  v  _  v
  Current Game (debug): 1
  Shots: 4/24
  Bombs: 5/5
  Score: 2/15 (Total: 2/15)
  Ships: 1/5
    5x1: [D, 8]->v;[E, 8]->v;[F, 8]->v;[G, 8]->v;[H, 8]->v
    4x1: [G, 2]->X;[G, 3]->h;[G, 4]->h;[G, 5]->h
    3x1: [F, 6]->X;[G, 6]->v;[H, 6]->v
    2x1: [C, 2]->X;[D, 2]->X
    1x1: [B, 8]->v
->bomb([H, 5],[H, 6])
  state 16 No bombs remaining -> Keep Firing!
     1  2  3  4  5  6  7  8
  A  _  _  _  _  _  _  _  _
  B  O  O  _  _  _  _  _  v
  C  O  X  _  _  _  _  _  _
  D  O  X  _  _  _  _  _  v
  E  _  O  _  _  _  O  _  v
  F  _  O  _  _  _  X  _  v
  G  _  X  h  h  h  v  _  v
  H  _  _  O  O  O  v  _  v
  Current Game (debug): 1
  Shots: 4/24
  Bombs: 5/5
  Score: 2/15 (Total: 2/15)
  Ships: 1/5
    5x1: [D, 8]->v;[E, 8]->v;[F, 8]->v;[G, 8]->v;[H, 8]->v
    4x1: [G, 2]->X;[G, 3]->h;[G, 4]->h;[G, 5]->h
    3x1: [F, 6]->X;[G, 6]->v;[H, 6]->v
    2x1: [C, 2]->X;[D, 2]->X
    1x1: [B, 8]->v
->fire([H, 6])
  state 17 OK -> Hit! Keep Firing!
     1  2  3  4  5  6  7  8
  A  _  _  _  _  _  _  _  _
  B  O  O  _  _  _  _  _  v
  C  O  X  _  _  _  _  _  _
  D  O  X  _  _  _  _  _  v
  E  _  O  _  _  _  O  _  v
  F  _  O  _  _  _  X  _  v
  G  _  X  h  h  h  v  _  v
  H  _  _  O  O  O  X  _  v
  Current Game (debug): 1
  Shots: 5/24
  Bombs: 5/5
  Score: 2/15 (Total: 2/15)
  Ships: 1/5
    5x1: [D, 8]->v;[E, 8]->v;[F, 8]->v;[G, 8]->v;[H, 8]->v
    4x1: [G, 2]->X;[G, 3]->h;[G, 4]->h;[G, 5]->h
    3x1: [F, 6]->X;[G, 6]->v;[H, 6]->X
    2x1: [C, 2]->X;[D, 2]->X
    1x1: [B, 8]->v
->fire([H, 6])
  state 18 Already fired there -> Keep Firing!
     1  2  3  4  5  6  7  8
  A  _  _  _  _  _  _  _  _
  B  O  O  _  _  _  _  _  v
  C  O  X  _  _  _  _  _  _
  D  O  X  _  _  _  _  _  v
  E  _  O  _  _  _  O  _  v
  F  _  O  _  _  _  X  _  v
  G  _  X  h  h  h  v  _  v
  H  _  _  O  O  O  X  _  v
  Current Game (debug): 1
  Shots: 5/24
  Bombs: 5/5
  Score: 2/15 (Total: 2/15)
  Ships: 1/5
    5x1: [D, 8]->v;[E, 8]->v;[F, 8]->v;[G, 8]->v;[H, 8]->v
    4x1: [G, 2]->X;[G, 3]->h;[G, 4]->h;[G, 5]->h
    3x1: [F, 6]->X;[G, 6]->v;[H, 6]->X
    2x1: [C, 2]->X;[D, 2]->X
    1x1: [B, 8]->v
->fire([H, 7])
  state 19 OK -> Miss! Keep Firing!
     1  2  3  4  5  6  7  8
  A  _  _  _  _  _  _  _  _
  B  O  O  _  _  _  _  _  v
  C  O  X  _  _  _  _  _  _
  D  O  X  _  _  _  _  _  v
  E  _  O  _  _  _  O  _  v
  F  _  O  _  _  _  X  _  v
  G  _  X  h  h  h  v  _  v
  H  _  _  O  O  O  X  O  v
  Current Game (debug): 1
  Shots: 6/24
  Bombs: 5/5
  Score: 2/15 (Total: 2/15)
  Ships: 1/5
    5x1: [D, 8]->v;[E, 8]->v;[F, 8]->v;[G, 8]->v;[H, 8]->v
    4x1: [G, 2]->X;[G, 3]->h;[G, 4]->h;[G, 5]->h
    3x1: [F, 6]->X;[G, 6]->v;[H, 6]->X
    2x1: [C, 2]->X;[D, 2]->X
    1x1: [B, 8]->v
->fire([H, 8])
  state 20 OK -> Hit! Keep Firing!
     1  2  3  4  5  6  7  8
  A  _  _  _  _  _  _  _  _
  B  O  O  _  _  _  _  _  v
  C  O  X  _  _  _  _  _  _
  D  O  X  _  _  _  _  _  v
  E  _  O  _  _  _  O  _  v
  F  _  O  _  _  _  X  _  v
  G  _  X  h  h  h  v  _  v
  H  _  _  O  O  O  X  O  X
  Current Game (debug): 1
  Shots: 7/24
  Bombs: 5/5
  Score: 2/15 (Total: 2/15)
  Ships: 1/5
    5x1: [D, 8]->v;[E, 8]->v;[F, 8]->v;[G, 8]->v;[H, 8]->X
    4x1: [G, 2]->X;[G, 3]->h;[G, 4]->h;[G, 5]->h
    3x1: [F, 6]->X;[G, 6]->v;[H, 6]->X
    2x1: [C, 2]->X;[D, 2]->X
    1x1: [B, 8]->v
->fire([H, 9])
  state 21 Invalid coordinate -> Keep Firing!
     1  2  3  4  5  6  7  8
  A  _  _  _  _  _  _  _  _
  B  O  O  _  _  _  _  _  v
  C  O  X  _  _  _  _  _  _
  D  O  X  _  _  _  _  _  v
  E  _  O  _  _  _  O  _  v
  F  _  O  _  _  _  X  _  v
  G  _  X  h  h  h  v  _  v
  H  _  _  O  O  O  X  O  X
  Current Game (debug): 1
  Shots: 7/24
  Bombs: 5/5
  Score: 2/15 (Total: 2/15)
  Ships: 1/5
    5x1: [D, 8]->v;[E, 8]->v;[F, 8]->v;[G, 8]->v;[H, 8]->X
    4x1: [G, 2]->X;[G, 3]->h;[G, 4]->h;[G, 5]->h
    3x1: [F, 6]->X;[G, 6]->v;[H, 6]->X
    2x1: [C, 2]->X;[D, 2]->X
    1x1: [B, 8]->v
->fire([H, 7])
  state 22 Already fired there -> Keep Firing!
     1  2  3  4  5  6  7  8
  A  _  _  _  _  _  _  _  _
  B  O  O  _  _  _  _  _  v
  C  O  X  _  _  _  _  _  _
  D  O  X  _  _  _  _  _  v
  E  _  O  _  _  _  O  _  v
  F  _  O  _  _  _  X  _  v
  G  _  X  h  h  h  v  _  v
  H  _  _  O  O  O  X  O  X
  Current Game (debug): 1
  Shots: 7/24
  Bombs: 5/5
  Score: 2/15 (Total: 2/15)
  Ships: 1/5
    5x1: [D, 8]->v;[E, 8]->v;[F, 8]->v;[G, 8]->v;[H, 8]->X
    4x1: [G, 2]->X;[G, 3]->h;[G, 4]->h;[G, 5]->h
    3x1: [F, 6]->X;[G, 6]->v;[H, 6]->X
    2x1: [C, 2]->X;[D, 2]->X
    1x1: [B, 8]->v
->debug_test(medium)
  state 23 Game already started -> Keep Firing!
     1  2  3  4  5  6  7  8
  A  _  _  _  _  _  _  _  _
  B  O  O  _  _  _  _  _  v
  C  O  X  _  _  _  _  _  _
  D  O  X  _  _  _  _  _  v
  E  _  O  _  _  _  O  _  v
  F  _  O  _  _  _  X  _  v
  G  _  X  h  h  h  v  _  v
  H  _  _  O  O  O  X  O  X
  Current Game (debug): 1
  Shots: 7/24
  Bombs: 5/5
  Score: 2/15 (Total: 2/15)
  Ships: 1/5
    5x1: [D, 8]->v;[E, 8]->v;[F, 8]->v;[G, 8]->v;[H, 8]->X
    4x1: [G, 2]->X;[G, 3]->h;[G, 4]->h;[G, 5]->h
    3x1: [F, 6]->X;[G, 6]->v;[H, 6]->X
    2x1: [C, 2]->X;[D, 2]->X
    1x1: [B, 8]->v
